// Jest Snapshot v1, https://goo.gl/fbAQLP

exports[`Edit book matches the snapshot when a book prop is provided 1`] = `
<div>
  <div
    class="EditBookPopOutDiv"
    data-testid="editbook"
  >
    <div
      class="EditBookPopOutContainer"
    >
      <h1
        class="EditBookH1"
      >
        Update Book:
      </h1>
      <svg
        class="UserBookEscapeButton"
        fill="currentColor"
        height="1em"
        stroke="currentColor"
        stroke-width="0"
        viewBox="0 0 1024 1024"
        width="1em"
        xmlns="http://www.w3.org/2000/svg"
      >
        <path
          d="M512 64C264.6 64 64 264.6 64 512s200.6 448 448 448 448-200.6 448-448S759.4 64 512 64zm165.4 618.2l-66-.3L512 563.4l-99.3 118.4-66.1.3c-4.4 0-8-3.5-8-8 0-1.9.7-3.7 1.9-5.2l130.1-155L340.5 359a8.32 8.32 0 0 1-1.9-5.2c0-4.4 3.6-8 8-8l66.1.3L512 464.6l99.3-118.4 66-.3c4.4 0 8 3.5 8 8 0 1.9-.7 3.7-1.9 5.2L553.5 514l130 155c1.2 1.5 1.9 3.3 1.9 5.2 0 4.4-3.6 8-8 8z"
        />
      </svg>
      <div
        class="EditOptionContainer"
      >
        <h2>
          Review:
        </h2>
        <textarea
          class="editookReviewInput"
          maxlength="100"
        >
          asdf
        </textarea>
      </div>
      <div
        class="EditOptionContainer"
      >
        <h2>
          Genre:
        </h2>
        <select
          id="pickGenre"
        >
          <option
            value="fiction"
          >
            Fiction
          </option>
          <option
            value="non-fiction"
          >
            Non-Fiction
          </option>
          <option
            value="crime"
          >
            Crime & Thriller
          </option>
          <option
            value="science fiction"
          >
            Science Fiction
          </option>
          <option
            value="fantasy"
          >
            Fantasy
          </option>
          <option
            value="action & adventure"
          >
            Action & Adventure
          </option>
          <option
            value="politics & history"
          >
            Politics & History
          </option>
          <option
            value="romance"
          >
            Romance
          </option>
          <option
            value="comedy"
          >
            Comedy
          </option>
          <option
            value="science & technology"
          >
            Science & Technology
          </option>
          <option
            value="biography"
          >
            Biography
          </option>
          <option
            value="arts & culture"
          >
            Arts & Culture
          </option>
          <option
            value="self-improvement"
          >
            Self-Improvement
          </option>
        </select>
      </div>
      <div
        class="EditOptionContainer"
      >
        <h2>
          Star read:
        </h2>
        <div
          class="starReadBtnsDiv"
        >
          <button
            class="notStar"
          >
            yes
          </button>
          <button
            class="star"
          >
            no
          </button>
        </div>
      </div>
      <div
        class="EditOptionContainer"
      >
        <h2>
          Can lend:
        </h2>
        <div
          class="starReadBtnsDiv"
        >
          <button
            class="notStar"
          >
            yes
          </button>
          <button
            class="star"
          >
            no
          </button>
        </div>
      </div>
      <div
        class="EditOptionContainer"
      >
        <h2>
          Date read:
        </h2>
        <input
          type="date"
          value=""
        />
      </div>
      <div
        class="EditActionBtns"
      >
        <button
          class="saveChanges"
        >
          save
        </button>
        <button
          class="deleteBtn"
        >
          delete
        </button>
      </div>
    </div>
  </div>
</div>
`;
